// Jest Snapshot v1, https://goo.gl/fbAQLP

exports[`should match snapshot 1`] = `
<Form
  ajv={null}
  className=""
  component="form"
  data={Object {}}
  errorMessages={Object {}}
  onChange={null}
  onSubmit={[Function]}
  schema={Object {}}
  scrollOptions={
    Object {
      "align": "middle",
      "duration": 900,
      "offset": 0,
    }
  }
  scrollToError={true}
  throttleDuration={200}
>
  <form
    className=""
    noValidate={true}
    onSubmit={[Function]}
  />
</Form>
`;
